// Jest Snapshot v1, https://goo.gl/fbAQLP

exports[`targets 1`] = `
"/* layer: default */
.animate-speed-\\\\$speed{animation-speed:var(--speed);}
.bg-\\\\$test-variable{background-color:var(--test-variable);}
.bg-blend-\\\\$data{background-blend-mode:var(--data);}
.color-\\\\$red{color:var(--red);}
.grid-cols-\\\\$1{grid-template-columns:var(--1);}
.items-\\\\$size{align-items:var(--size);}
.object-\\\\$fit{object-fit:var(--fit);}
.\\\\!p-5px{padding:5px !important;}
.group:focus .group-focus\\\\:p-4{padding:1rem;}
.hover\\\\:\\\\!p-1:hover{padding:0.25rem !important;}
.hover\\\\:p-5:hover{padding:1.25rem;}
.not-hover\\\\:p-3:not(:hover){padding:0.75rem;}
.p-2,.first\\\\:p-2:first-child,.p2{padding:0.5rem;}
.\\\\!hover\\\\:px-10:hover{padding-left:2.5rem !important;padding-right:2.5rem !important;}
.pl-10px{padding-left:10px;}
.pt-\\\\$title2{padding-top:var(--title2);}
.pt-2,.p-t-2,.pt2{padding-top:0.5rem;}
.\\\\!m-\\\\$c-m{margin:var(--c-m) !important;}
.m-\\\\[3em\\\\]{margin:3em;}
.m-0{margin:0rem;}
.m-1\\\\/2{margin:50%;}
.children\\\\:m-auto > *,.all\\\\:m-auto *,.-m-auto,.m-auto{margin:auto;}
.my-auto{margin-top:auto;margin-bottom:auto;}
.mt-\\\\[-10\\\\.2\\\\%\\\\]{margin-top:-10.2%;}
.mt-\\\\$height{margin-top:var(--height);}
.next\\\\:mt-0+*{margin-top:0rem;}
.-space-x-4>:not([hidden])~:not([hidden]){--un-space-x-reverse:0;margin-left:calc(-1rem * calc(1 - var(--un-space-x-reverse)));margin-right:calc(-1rem * var(--un-space-x-reverse));}
.space-x-\\\\$space>:not([hidden])~:not([hidden]){--un-space-x-reverse:0;margin-left:calc(var(--space) * calc(1 - var(--un-space-x-reverse)));margin-right:calc(var(--space) * var(--un-space-x-reverse));}
.space-x-2>:not([hidden])~:not([hidden]){--un-space-x-reverse:0;margin-left:calc(0.5rem * calc(1 - var(--un-space-x-reverse)));margin-right:calc(0.5rem * var(--un-space-x-reverse));}
.space-x-reverse>:not([hidden])~:not([hidden]){--un-space-x-reverse:1;}
.space-y-4>:not([hidden])~:not([hidden]){--un-space-y-reverse:0;margin-top:calc(1rem * calc(1 - var(--un-space-y-reverse)));margin-bottom:calc(1rem * var(--un-space-y-reverse));}
.op-10{opacity:0.1;}
.opacity-\\\\$opa{opacity:var(--opa);}
.opacity-0{opacity:0;}
.bg-fixed{background-attachment:fixed;}
.bg-local{background-attachment:local;}
.bg-scroll{background-attachment:scroll;}
.bg-blend-normal{background-blend-mode:normal;}
.bg-blend-color-burn{background-blend-mode:color-burn;}
.bg-blend-luminosity{background-blend-mode:luminosity;}
.bg-clip-border{-webkit-background-clip:border-box;background-attachment:border-box;}
.bg-clip-text{-webkit-background-clip:text;background-attachment:text;}
.bg-\\\\[\\\\#1533\\\\]{background-color:rgba(17,85,51,0.2);}
.bg-\\\\[\\\\#153\\\\]\\\\/10,.bg-\\\\[\\\\#1533\\\\]\\\\/10{background-color:rgba(17,85,51,0.1);}
.bg-\\\\#452233\\\\/40,.bg-hex-452233\\\\/40{background-color:rgba(69,34,51,0.4);}
.bg-red-100{--un-bg-opacity:1;background-color:rgba(254,226,226,var(--un-bg-opacity));}
.bg-teal-100\\\\/55{background-color:rgba(204,251,241,0.55);}
.bg-teal-200\\\\:55{background-color:rgba(153,246,228,0.55);}
.bg-teal-300\\\\:\\\\[\\\\.55\\\\]{background-color:rgba(94,234,212,0.55);}
.bg-teal-400\\\\/\\\\[\\\\.55\\\\]{background-color:rgba(45,212,191,0.55);}
.bg-teal-500\\\\/\\\\[55\\\\%\\\\]{background-color:rgba(20,184,166,55%);}
.hover\\\\:not-first\\\\:checked\\\\:bg-red\\\\/10:hover:not(:first-child):checked{background-color:rgba(248,113,113,0.1);}
.bg-opacity-45{--un-bg-opacity:0.45;}
.from-current{--un-gradient-from:currentColor;--un-gradient-stops:var(--un-gradient-from), var(--un-gradient-to, rgba(255, 255, 255, 0));}
.from-green-500{--un-gradient-from:rgba(34,197,94, var(--un-from-opacity, 1));--un-gradient-stops:var(--un-gradient-from), var(--un-gradient-to, rgba(255, 255, 255, 0));}
.from-transparent{--un-gradient-from:transparent;--un-gradient-stops:var(--un-gradient-from), var(--un-gradient-to, rgba(255, 255, 255, 0));}
.to-current{--un-gradient-to:currentColor;}
.to-green-500{--un-gradient-to:rgba(34,197,94, var(--un-to-opacity, 1));}
.to-transparent{--un-gradient-to:transparent;}
.via-current{--un-gradient-stops:var(--un-gradient-from), currentColor, var(--un-gradient-to, rgba(255, 255, 255, 0));}
.via-green-500{--un-gradient-stops:var(--un-gradient-from), rgba(34,197,94, var(--un-via-opacity, 1)), var(--un-gradient-to, rgba(255, 255, 255, 0));}
.via-transparent{--un-gradient-stops:var(--un-gradient-from), transparent, var(--un-gradient-to, rgba(255, 255, 255, 0));}
.bg-none{background-image:none;}
.bg-gradient-to-t{background-image:linear-gradient(to top, var(--un-gradient-stops));}
.bg-gradient-to-tl{background-image:linear-gradient(to top left, var(--un-gradient-stops));}
.bg-origin-border{background-origin:border-box;}
.bg-bottom{background-position:bottom;}
.bg-right-bottom{background-position:right bottom;}
.bg-auto{background-size:auto;}
.bg-cover{background-repeat:cover;}
.bg-no-repeat{background-repeat:no-repeat;}
.bg-repeat-space{background-position:space;}
.border{border-width:1px;border-style:solid;}
.b-2,.border-2{border-width:2px;border-style:solid;}
.border-b{border-bottom-width:1px;border-style:solid;}
.border-t-2{border-top-width:2px;border-style:solid;}
.border-green-100\\\\/10{border-color:rgba(220,252,231,0.1);}
.rounded{border-radius:0.25rem;}
.rounded-\\\\[4px\\\\]{border-radius:4px;}
.rounded-1\\\\/2{border-radius:50%;}
.rounded-full{border-radius:9999px;}
.rounded-md{border-radius:0.375rem;}
.rounded-rb-1\\\\/2{border-bottom-right-radius:50%;}
.rounded-t-sm{border-top-left-radius:0.125rem;border-top-right-radius:0.125rem;}
.rounded-tr{border-top-right-radius:0.25rem;}
.font-mono{font-family:ui-monospace,SFMono-Regular,Menlo,Monaco,Consolas,\\"Liberation Mono\\",\\"Courier New\\",monospace;}
.dark .dark\\\\:text-xl{font-size:1.25rem;line-height:1.75rem;}
.light .light\\\\:text-sm{font-size:0.875rem;line-height:1.25rem;}
.text-4xl{font-size:2.25rem;line-height:2.5rem;}
.text-base{font-size:1rem;line-height:1.5rem;}
.text-lg{font-size:1.125rem;line-height:1.75rem;}
.tab,.tab-\\\\$tabprop{-moz-tab-size:4;-o-tab-size:4;tab-size:4;}
.tab-6{-moz-tab-size:6;-o-tab-size:6;tab-size:6;}
.indent{text-indent:1.5rem;}
.indent-1\\\\/2{text-indent:50%;}
.indent-lg{text-indent:2rem;}
.underline{text-decoration:underline;}
.underline-dashed{text-decoration-style:dashed;}
.underline-red-500{-webkit-text-decoration-color:rgba(239,68,68,var(--un-line-opacity));--un-line-opacity:1;text-decoration-color:rgba(239,68,68,var(--un-line-opacity));}
.underline-op80{--un-line-opacity:0.8;}
.underline-1rem{text-decoration-thickness:1rem;}
.underline-5{text-decoration-thickness:5px;}
.underline-auto{text-decoration-thickness:auto;}
.underline-offset-0\\\\.6rem{text-underline-offset:0.6rem;}
.underline-offset-4{text-underline-offset:4px;}
.underline-offset-auto{text-underline-offset:auto;}
.text-stroke-6{-webkit-text-stroke-width:6px;}
.text-stroke-sm{-webkit-text-stroke-width:thin;}
.text-stroke-blue-500{--un-text-stroke-opacity:1;-webkit-text-stroke-color:rgba(59,130,246,var(--un-text-stroke-opacity));}
.text-stroke-op-60{--un-text-stroke-opacity:0.6;}
.group:focus:hover .group-hover\\\\:group-focus\\\\:text-center{text-align:center;}
.dark .dark\\\\:not-odd\\\\:text-red:not(:nth-child(odd)){--un-text-opacity:1;color:rgba(248,113,113,var(--un-text-opacity));}
.text-\\\\[\\\\#124\\\\]{--un-text-opacity:1;color:rgba(17,34,68,var(--un-text-opacity));}
.text-black\\\\/10{color:rgba(0,0,0,0.1);}
.text-blue{--un-text-opacity:1;color:rgba(96,165,250,var(--un-text-opacity));}
.text-red-200\\\\/10{color:rgba(254,202,202,0.1);}
.text-red-300\\\\/20{color:rgba(252,165,165,0.2);}
.text-red-100,.text-red100{--un-text-opacity:1;color:rgba(254,226,226,var(--un-text-opacity));}
.text-red2{--un-text-opacity:1;color:rgba(254,202,202,var(--un-text-opacity));}
.text-opacity-\\\\[13\\\\.3333333\\\\%\\\\]{--un-text-opacity:13.3333333%;}
.italic{font-style:italic;}
.antialiased{-webkit-font-smoothing:antialiased;-moz-osx-font-smoothing:grayscale;font-smoothing:grayscale;}
.hyphens-none{-webkit-hyphens:none;-ms-hyphens:none;hyphens:none;}
.write-normal{writing-mode:horizontal-tb;}
.write-orient-sideways{text-orientation:sideways;}
.mix-blend-normal{mix-blend-mode:normal;}
.mix-blend-color-light{mix-blend-mode:color-light;}
.shadow{--un-shadow-color:0,0,0;--un-shadow:0 1px 3px 0 rgba(var(--un-shadow-color), 0.1), 0 1px 2px 0 rgba(var(--un-shadow-color), 0.06);-webkit-box-shadow:var(--un-ring-offset-shadow, 0 0 #0000), var(--un-ring-shadow, 0 0 #0000), var(--un-shadow);box-shadow:var(--un-ring-offset-shadow, 0 0 #0000), var(--un-ring-shadow, 0 0 #0000), var(--un-shadow);}
.shadow-current{--un-shadow-color:currentColor;}
.shadow-green-500{--un-shadow-color:34,197,94;}
.shadow-none{--un-shadow-color:0,0,0;--un-shadow:none;-webkit-box-shadow:var(--un-ring-offset-shadow, 0 0 #0000), var(--un-ring-shadow, 0 0 #0000), var(--un-shadow);box-shadow:var(--un-ring-offset-shadow, 0 0 #0000), var(--un-ring-shadow, 0 0 #0000), var(--un-shadow);}
.shadow-transparent{--un-shadow-color:transparent;}
.shadow-xl{--un-shadow-color:0,0,0;--un-shadow:0 20px 25px -5px rgba(var(--un-shadow-color), 0.1), 0 10px 10px -5px rgba(var(--un-shadow-color), 0.04);-webkit-box-shadow:var(--un-ring-offset-shadow, 0 0 #0000), var(--un-ring-shadow, 0 0 #0000), var(--un-shadow);box-shadow:var(--un-ring-offset-shadow, 0 0 #0000), var(--un-ring-shadow, 0 0 #0000), var(--un-shadow);}
.ring{--un-ring-inset:var(--un-empty, );--un-ring-offset-width:0px;--un-ring-offset-color:#fff;--un-ring-color:rgba(59, 130, 246, .5);--un-ring-offset-shadow:var(--un-ring-inset) 0 0 0 var(--un-ring-offset-width) var(--un-ring-offset-color);--un-ring-shadow:var(--un-ring-inset) 0 0 0 calc(1px + var(--un-ring-offset-width)) var(--un-ring-color);-webkit-box-shadow:var(--un-ring-offset-shadow), var(--un-ring-shadow), var(--un-shadow, 0 0 #0000);;box-shadow:var(--un-ring-offset-shadow), var(--un-ring-shadow), var(--un-shadow, 0 0 #0000);;}
.ring-10{--un-ring-inset:var(--un-empty, );--un-ring-offset-width:0px;--un-ring-offset-color:#fff;--un-ring-color:rgba(59, 130, 246, .5);--un-ring-offset-shadow:var(--un-ring-inset) 0 0 0 var(--un-ring-offset-width) var(--un-ring-offset-color);--un-ring-shadow:var(--un-ring-inset) 0 0 0 calc(10px + var(--un-ring-offset-width)) var(--un-ring-color);-webkit-box-shadow:var(--un-ring-offset-shadow), var(--un-ring-shadow), var(--un-shadow, 0 0 #0000);;box-shadow:var(--un-ring-offset-shadow), var(--un-ring-shadow), var(--un-shadow, 0 0 #0000);;}
.ring-offset-4{--un-ring-offset-width:4px;}
.ring-red2{--un-ring-opacity:1;--un-ring-color:rgba(254,202,202,var(--un-ring-opacity));}
.ring-offset-green5{--un-ring-offset-opacity:1;--un-ring-offset-color:rgba(34,197,94,var(--un-ring-offset-opacity));}
.flex-\\\\[hi\\\\]{flex:hi;}
.flex{display:flex;}
.grid{display:grid;}
.grid-cols-2{grid-template-columns:repeat(2, minmax(0, 1fr));}
.grid-rows-3{grid-template-rows:repeat(3, minmax(0, 1fr));}
.grid-cols-\\\\[1fr\\\\2c 2fr\\\\2c 100px\\\\2c min-content\\\\]{grid-template-columns:1fr 2fr 100px min-content;}
.grid-rows-\\\\[1fr\\\\2c 2fr\\\\2c 100px\\\\2c min-content\\\\]{grid-template-rows:1fr 2fr 100px min-content;}
.auto-flow-cols-dense{grid-auto-flow:columns dense;}
.row-start-full{grid-row-start:full;}
.row-end-1{grid-row-end:1;}
.auto-rows-auto{grid-auto-rows:auto;}
.auto-rows-fr{grid-auto-rows:minmax(0, 1fr);}
.auto-rows-min{grid-auto-rows:min-content;}
.auto-cols-auto{grid-auto-columns:auto;}
.row-auto{grid-row:auto;}
.row-span-full{grid-row:1 / -1;}
.col-span-1{grid-column:span 1 / span 1;}
.gap-4{grid-gap:1rem;gap:1rem;}
.gap-x-1{grid-column-gap:0.25rem;column-gap:0.25rem;}
.-gap-y-5{grid-row-gap:-1.25rem;row-gap:-1.25rem;}
.min-h-full{min-height:100%;}
.h-1{height:0.25rem;}
.max-h-\\\\[1px\\\\]{max-height:1px;}
.min-h-\\\\[5rem\\\\]{min-height:5rem;}
.min-h-3{min-height:0.75rem;}
.min-w-3{min-width:0.75rem;}
.w-1\\\\/2{width:50%;}
.max-w-screen-lg{max-width:1024px;}
.v-mid{vertical-align:middle;}
.v-top{vertical-align:top;}
.select-none{user-select:none;}
.ws-nowrap{white-space:nowrap;}
.list-disc{list-style-type:disc;}
.list-none{list-style-type:none;}
.list-none-inside{list-style-position:inside;list-style-type:none;}
.list-outside{list-style-position:outside;}
.caret-red{--un-caret-opacity:1;caret-color:rgba(248,113,113,var(--un-caret-opacity));}
.decoration-slice{box-decoration-break:slice;}
.caret-op-90{--un-caret-opacity:0.9;}
.image-render-pixel{-ms-interpolation-mode:nearest-neighbor;image-rendering:-webkit-optimize-contrast;image-rendering:-moz-crisp-edges;image-rendering:-o-pixelated;image-rendering:pixelated;}
.appearance-none{appearance:none;-webkit-appearance:none;}
.outline-none{outline:2px solid transparent;outline-offset:2px;}
.outline-110{outline-width:27.5rem;}
.outline-blue-2{--un-outline-color-opacity:1;outline-color:rgba(191,219,254,var(--un-outline-color-opacity));}
.outline-color-red-1{--un-outline-color-opacity:1;outline-color:rgba(254,226,226,var(--un-outline-color-opacity));}
.outline-inset{outline-style:inset;}
.outline-solid{outline-style:solid;}
.outline-width-10px{outline-width:10px;}
.placeholder-opacity-60{placeholder-opacity:0.6;}
.placeholder-color-red-1{--un-placeholder-color-opacity:1;placeholder-color:rgba(254,226,226,var(--un-placeholder-color-opacity));}
.placeholder-transparent{placeholder-color:transparent;}
.overscroll-contain{overscroll-behavior:contain;}
.overscroll-x-auto{overscroll-behavior-x:auto;}
.tracking-wide{letter-spacing:0.025em;}
.leading-2{line-height:0.5rem;}
.overflow-auto{overflow:auto;}
.overflow-x-scroll{overflow-x:scroll;}
.order-first{order:-9999;}
@keyframes ping {0% {transform:scale(1);opacity:1;} 75%, 100% {transform:scale(2);opacity:0;}}
.\\\\!animate-ping{animation:ping 1s linear infinite !important;}
@keyframes bounce {0%, 100% {transform:translateY(-25%);animation-timing-function:cubic-bezier(0.8,0,1,1);} 50% {transform:translateY(0);animation-timing-function:cubic-bezier(0,0,0.2,1);}}
.hover\\\\:animate-bounce:hover{animation:bounce 1s linear infinite;}
.animate-none{animation:none;}
.animate-100s{animation-duration:100s;}
.animate-300{animation-duration:300ms;}
.animate-duration-100{animation-duration:100ms;}
.animate-duration-100\\\\.32{animation-duration:100.32ms;}
.animate-delay--1\\\\.37{animation-delay:-1.37ms;}
.animate-fill-mode-both{animation-fill-mode:both;}
.animate-mode-none{animation-fill-mode:none;}
.animate-direction-alternate-reverse{animation-direction:alternate-reverse;}
.animate-normal{animation-direction:normal;}
.animate-count-2\\\\.4{animation-iteration-count:2.4;}
.animate-iteration-count-2{animation-iteration-count:2;}
.animate-iteration-count-2-4-infinity{animation-iteration-count:2, 4, infinity;}
.animate-name-move{animation-name:move;}
.animate-play-paused{animation-play-state:paused;}
.animate-play-state-running{animation-play-state:running;}
.top-\\\\$top-height{top:var(--top-height);}
.top-0{top:0rem;}
.inset-x-5{left:1.25rem;right:1.25rem;}
.z-1{z-index:1;}
.z-100{z-index:100;}
.box-border{box-sizing:border-box;}
.box-content{box-sizing:content-box;}
.transition{transition-property:color, border-color, background-color, flex-grow, flex, flex-shrink, caret-color, font, gap, opacity, visibility, z-index, font-weight, zoom, text-shadow, transform, box-shadow, backround-position, left, right, top, bottom, object-position, max-height, min-height, max-width, min-width, height, width, border-width, margin, padding, outline-width, outline-offset, font-size, line-height, text-indent, vertical-align, border-spacing, letter-spacing, word-spacing, stroke, filter, backdrop-filter, fill, mask, mask-size, mask-border, clip-path, clip;transition-timing-function:cubic-bezier(0.4, 0, 0.2, 1);transition-duration:150ms;}
.transition-200{transition-property:color, border-color, background-color, flex-grow, flex, flex-shrink, caret-color, font, gap, opacity, visibility, z-index, font-weight, zoom, text-shadow, transform, box-shadow, backround-position, left, right, top, bottom, object-position, max-height, min-height, max-width, min-width, height, width, border-width, margin, padding, outline-width, outline-offset, font-size, line-height, text-indent, vertical-align, border-spacing, letter-spacing, word-spacing, stroke, filter, backdrop-filter, fill, mask, mask-size, mask-border, clip-path, clip;transition-timing-function:cubic-bezier(0.4, 0, 0.2, 1);transition-duration:200ms;}
.transition-none{transition-property:none;transition-timing-function:cubic-bezier(0.4, 0, 0.2, 1);transition-duration:150ms;}
.duration-111{transition-duration:111ms;}
.transition-delay-300{transition-delay:300ms;}
.transition-duration-300{transition-duration:300ms;}
.transition-property-all{transition-property:all;}
.transition-property-width{transition-property:width;}
.filter{--un-blur:var(--un-empty,/*!*/ /*!*/);--un-brightness:var(--un-empty,/*!*/ /*!*/);--un-contrast:var(--un-empty,/*!*/ /*!*/);--un-grayscale:var(--un-empty,/*!*/ /*!*/);--un-hue-rotate:var(--un-empty,/*!*/ /*!*/);--un-invert:var(--un-empty,/*!*/ /*!*/);--un-saturate:var(--un-empty,/*!*/ /*!*/);--un-sepia:var(--un-empty,/*!*/ /*!*/);--un-drop-shadow:var(--un-empty,/*!*/ /*!*/);filter:var(--un-blur) var(--un-brightness) var(--un-contrast) var(--un-grayscale) var(--un-hue-rotate) var(--un-invert) var(--un-saturate) var(--un-sepia) var(--un-drop-shadow);}
.backdrop-filter{--un-backdrop-blur:var(--un-empty,/*!*/ /*!*/);--un-backdrop-brightness:var(--un-empty,/*!*/ /*!*/);--un-backdrop-contrast:var(--un-empty,/*!*/ /*!*/);--un-backdrop-grayscale:var(--un-empty,/*!*/ /*!*/);--un-backdrop-hue-rotate:var(--un-empty,/*!*/ /*!*/);--un-backdrop-invert:var(--un-empty,/*!*/ /*!*/);--un-backdrop-saturate:var(--un-empty,/*!*/ /*!*/);--un-backdrop-sepia:var(--un-empty,/*!*/ /*!*/);-webkit-backdrop-filter:var(--un-backdrop-blur) var(--un-backdrop-brightness) var(--un-backdrop-contrast) var(--un-backdrop-grayscale) var(--un-backdrop-hue-rotate) var(--un-backdrop-invert) var(--un-backdrop-saturate) var(--un-backdrop-sepia);backdrop-filter:var(--un-backdrop-blur) var(--un-backdrop-brightness) var(--un-backdrop-contrast) var(--un-backdrop-grayscale) var(--un-backdrop-hue-rotate) var(--un-backdrop-invert) var(--un-backdrop-saturate) var(--un-backdrop-sepia);}
.backdrop-blur{--un-backdrop-blur:blur(8px);}
.backdrop-blur-4{--un-backdrop-blur:blur(4px);}
.backdrop-blur-md{--un-backdrop-blur:blur(12px);}
.blur{--un-blur:blur(8px);}
.blur-4{--un-blur:blur(4px);}
.blur-md{--un-blur:blur(12px);}
.backdrop-brightness-0{--un-backdrop-brightness:brightness(0);}
.backdrop-brightness-60{--un-backdrop-brightness:brightness(0.6);}
.brightness-0{--un-brightness:brightness(0);}
.brightness-60{--un-brightness:brightness(0.6);}
.backdrop-contrast-125{--un-backdrop-contrast:contrast(1.25);}
.contrast-125{--un-contrast:contrast(1.25);}
.drop-shadow{--un-drop-shadow:drop-shadow(drop-shadow(0 1px 2px rgba(0, 0, 0, 0.1)) drop-shadow(0 1px 1px rgba(0, 0, 0, 0.06)));}
.drop-shadow-\\\\[0_4px_3px_\\\\#000\\\\]{--un-drop-shadow:drop-shadow(drop-shadow(0 4px 3px #000));}
.drop-shadow-md{--un-drop-shadow:drop-shadow(drop-shadow(0 4px 3px rgba(0, 0, 0, 0.07)) drop-shadow(0 2px 2px rgba(0, 0, 0, 0.06)));}
.drop-shadow-none{--un-drop-shadow:drop-shadow(drop-shadow(0 0 #0000));}
.backdrop-grayscale{--un-backdrop-grayscale:grayscale(1);}
.backdrop-grayscale-90{--un-backdrop-grayscale:grayscale(0.9);}
.grayscale{--un-grayscale:grayscale(1);}
.grayscale-90{--un-grayscale:grayscale(0.9);}
.-backdrop-hue-rotate-90{--un-backdrop-hue-rotate:hue-rotate(-90deg);}
.-hue-rotate-90{--un-hue-rotate:hue-rotate(-90deg);}
.backdrop-hue-rotate-0{--un-backdrop-hue-rotate:hue-rotate(undefineddeg);}
.backdrop-hue-rotate-360{--un-backdrop-hue-rotate:hue-rotate(360deg);}
.hue-rotate-0{--un-hue-rotate:hue-rotate(undefineddeg);}
.hue-rotate-360{--un-hue-rotate:hue-rotate(360deg);}
.backdrop-invert{--un-backdrop-invert:invert(1);}
.backdrop-invert-90{--un-backdrop-invert:invert(0.9);}
.invert{--un-invert:invert(1);}
.invert-90{--un-invert:invert(0.9);}
.backdrop-saturate{--un-backdrop-saturate:saturate(0);}
.backdrop-saturate-30{--un-backdrop-saturate:saturate(0.3);}
.saturate{--un-saturate:saturate(0);}
.saturate-30{--un-saturate:saturate(0.3);}
.backdrop-sepia{--un-backdrop-sepia:sepia(1);}
.backdrop-sepia-80{--un-backdrop-sepia:sepia(0.8);}
.sepia{--un-sepia:sepia(1);}
.sepia-80{--un-sepia:sepia(0.8);}
.border-collapse{border-collapse:collapse;}
.border-separate{border-collapse:separate;}
.caption-top{caption-side:top;}
.caption-bottom{caption-side:bottom;}
.inline-table{display:inline-table;}
.table{display:table;}
.table-auto{table-layout:auto;}
.table-empty-cells-visible{empty-cells:show;}
.table-empty-cells-hidden{empty-cells:hide;}
.table-caption{display:table-caption;}
.table-footer-group{display:table-footer-group;}
.table-row-group{display:table-row-group;}
.preserve-3d{transform-style:preserve-3d;}
.preserve-flat{transform-style:flat;}
.translate-y-1\\\\/4{--un-translate-y:25%;}
@media (min-width: 768px){
.md\\\\:m-1{margin:0.25rem;}
.md\\\\:\\\\!hidden{display:none !important;}
}
@media (min-width: 640px){
.sm\\\\:m-1,.sm\\\\:m1{margin:0.25rem;}
}
@media (max-width: 640px){
.lt-sm\\\\:m1{margin:0.25rem;}
}
@media (max-width: 1024px){
.lt-lg\\\\:m2{margin:0.5rem;}
}"
`;
